Performing C SOURCE FILE Test CMAKE_HAVE_LIBC_PTHREAD failed with the following output:
Change Dir: /home/crs/GEN_VIO/camera_models/build/CMakeFiles/CMakeScratch/TryCompile-KafVyG

Run Build Command(s):/usr/bin/make -f Makefile cmTC_fc97a/fast && /usr/bin/make  -f CMakeFiles/cmTC_fc97a.dir/build.make CMakeFiles/cmTC_fc97a.dir/build
make[1]: Entering directory '/home/crs/GEN_VIO/camera_models/build/CMakeFiles/CMakeScratch/TryCompile-KafVyG'
Building C object CMakeFiles/cmTC_fc97a.dir/src.c.o
/usr/bin/cc -DCMAKE_HAVE_LIBC_PTHREAD  -fPIC  -o CMakeFiles/cmTC_fc97a.dir/src.c.o -c /home/crs/GEN_VIO/camera_models/build/CMakeFiles/CMakeScratch/TryCompile-KafVyG/src.c
Linking C executable cmTC_fc97a
/usr/local/bin/cmake -E cmake_link_script CMakeFiles/cmTC_fc97a.dir/link.txt --verbose=1
/usr/bin/cc -fPIC  CMakeFiles/cmTC_fc97a.dir/src.c.o -o cmTC_fc97a 
/usr/bin/ld: CMakeFiles/cmTC_fc97a.dir/src.c.o: in function `main':
src.c:(.text+0x46): undefined reference to `pthread_create'
/usr/bin/ld: src.c:(.text+0x52): undefined reference to `pthread_detach'
/usr/bin/ld: src.c:(.text+0x5e): undefined reference to `pthread_cancel'
/usr/bin/ld: src.c:(.text+0x6f): undefined reference to `pthread_join'
collect2: error: ld returned 1 exit status
make[1]: *** [CMakeFiles/cmTC_fc97a.dir/build.make:99: cmTC_fc97a] Error 1
make[1]: Leaving directory '/home/crs/GEN_VIO/camera_models/build/CMakeFiles/CMakeScratch/TryCompile-KafVyG'
make: *** [Makefile:127: cmTC_fc97a/fast] Error 2


Source file was:
#include <pthread.h>

static void* test_func(void* data)
{
  return data;
}

int main(void)
{
  pthread_t thread;
  pthread_create(&thread, NULL, test_func, NULL);
  pthread_detach(thread);
  pthread_cancel(thread);
  pthread_join(thread, NULL);
  pthread_atfork(NULL, NULL, NULL);
  pthread_exit(NULL);

  return 0;
}


Determining if the function pthread_create exists in the pthreads failed with the following output:
Change Dir: /home/crs/GEN_VIO/camera_models/build/CMakeFiles/CMakeScratch/TryCompile-4o7YQD

Run Build Command(s):/usr/bin/make -f Makefile cmTC_d5f8e/fast && /usr/bin/make  -f CMakeFiles/cmTC_d5f8e.dir/build.make CMakeFiles/cmTC_d5f8e.dir/build
make[1]: Entering directory '/home/crs/GEN_VIO/camera_models/build/CMakeFiles/CMakeScratch/TryCompile-4o7YQD'
Building C object CMakeFiles/cmTC_d5f8e.dir/CheckFunctionExists.c.o
/usr/bin/cc   -fPIC -DCHECK_FUNCTION_EXISTS=pthread_create -o CMakeFiles/cmTC_d5f8e.dir/CheckFunctionExists.c.o -c /home/crs/GEN_VIO/camera_models/build/CMakeFiles/CMakeScratch/TryCompile-4o7YQD/CheckFunctionExists.c
Linking C executable cmTC_d5f8e
/usr/local/bin/cmake -E cmake_link_script CMakeFiles/cmTC_d5f8e.dir/link.txt --verbose=1
/usr/bin/cc -fPIC -DCHECK_FUNCTION_EXISTS=pthread_create CMakeFiles/cmTC_d5f8e.dir/CheckFunctionExists.c.o -o cmTC_d5f8e  -lpthreads 
/usr/bin/ld: cannot find -lpthreads
collect2: error: ld returned 1 exit status
make[1]: *** [CMakeFiles/cmTC_d5f8e.dir/build.make:99: cmTC_d5f8e] Error 1
make[1]: Leaving directory '/home/crs/GEN_VIO/camera_models/build/CMakeFiles/CMakeScratch/TryCompile-4o7YQD'
make: *** [Makefile:127: cmTC_d5f8e/fast] Error 2



